Starting project at C:\Users\one tern\Documents\multiple interest app
Starting Metro Bundler
Waiting on http://localhost:8081
Logs for your project will appear below.
Web node_modules\expo\AppEntry.js ▓▓▓▓▓░░░░░░░░░░░ 32.7% (30/76)
Web node_modules\expo\AppEntry.js ▓▓▓▓▓▓▓▓▓▓▓▓▓▓░░ 89.8% (942/994)
Web Bundled 6492ms node_modules\expo\AppEntry.js (1155 modules)
Web node_modules\expo\AppEntry.js ░░░░░░░░░░░░░░░░  0.0% (0/1)
Web Bundled 93ms node_modules\expo\AppEntry.js (1 module)
Web node_modules\expo\AppEntry.js ░░░░░░░░░░░░░░░░  0.0% (0/1)
Web Bundled 56ms node_modules\expo\AppEntry.js (1 module)
Web node_modules\expo\AppEntry.js ░░░░░░░░░░░░░░░░  0.0% (0/1)
Web Bundled 53ms node_modules\expo\AppEntry.js (1 module)
Web node_modules\expo\AppEntry.js ░░░░░░░░░░░░░░░░  0.0% (0/1)
Web Bundled 148ms node_modules\expo\AppEntry.js (1 module)
Web node_modules\expo\AppEntry.js ░░░░░░░░░░░░░░░░  0.0% (0/1)
Web Bundled 64ms node_modules\expo\AppEntry.js (1 module)
Web node_modules\expo\AppEntry.js ░░░░░░░░░░░░░░░░  0.0% (0/1)
Web Bundled 68ms node_modules\expo\AppEntry.js (1 module)
 LOG  [web] Logs will appear in the browser console
Web node_modules\expo\AppEntry.js ░░░░░░░░░░░░░░░░  0.0% (0/1)
Web Bundled 63ms node_modules\expo\AppEntry.js (1 module)
 LOG  [web] Logs will appear in the browser console
